// Jest Snapshot v1, https://goo.gl/fbAQLP

exports[`ProductCard debe mostrar el componente correctamente 1`] = `
<div
  className="productCard undefined"
>
  <h1>
    Product Card
  </h1>
</div>
`;
